 
****************************************
Report : qor
Design : AmoebaMultiCgra4x4Cgra2x2RTL
Version: V-2023.12
Date   : Mon Jul  6 10:17:52 2026
****************************************


  Timing Path Group 'sys_clk'
  -----------------------------------
  Levels of Logic:              32.00
  Critical Path Length:          2.24
  Critical Path Slack:        1426.33
  Critical Path Clk Period:   1428.57
  Total Negative Slack:          0.00
  No. of Violating Paths:        0.00
  Worst Hold Violation:          0.00
  Total Hold Violation:          0.00
  No. of Hold Violations:        0.00
  -----------------------------------


  Cell Count
  -----------------------------------
  Hierarchical Cell Count:      19101
  Hierarchical Port Count:    6597598
  Leaf Cell Count:            5480760
  Buf/Inv Cell Count:          364923
  Buf Cell Count:               19619
  Inv Cell Count:              345304
  CT Buf/Inv Cell Count:            0
  Combinational Cell Count:   4151163
  Sequential Cell Count:      1329597
  Macro Count:                      0
  -----------------------------------


  Area
  -----------------------------------
  Combinational Area:  2711531.933386
  Noncombinational Area:
                       2512938.814980
  Buf/Inv Area:          94432.591226
  Total Buffer Area:          7415.98
  Total Inverter Area:       87016.61
  Macro/Black Box Area:      0.000000
  Net Area:                  0.000000
  -----------------------------------
  Cell Area:           5224470.748366
  Design Area:         5224470.748366


  Design Rules
  -----------------------------------
  Total Number of Nets:       7077361
  Nets With Violations:             0
  Max Trans Violations:             0
  Max Cap Violations:               0
  -----------------------------------


  Hostname: ecelvd713.ece.local

  Compile CPU Statistics
  -----------------------------------------
  Resource Sharing:                 1524.12
  Logic Optimization:              34818.46
  Mapping Optimization:            138632.12
  -----------------------------------------
  Overall Compile Time:            245315.80
  Overall Compile Wall Clock Time: 42968.87

  --------------------------------------------------------------------

  Design  WNS: 0.00  TNS: 0.00  Number of Violating Paths: 0


  Design (Hold)  WNS: 0.00  TNS: 0.00  Number of Violating Paths: 0

  --------------------------------------------------------------------


1
