 
****************************************
Report : qor
Design : AmoebaMultiCgra4x4Cgra2x2RTL
Version: V-2023.12
Date   : Fri Jul 10 20:12:29 2026
****************************************


  Timing Path Group 'sys_clk'
  -----------------------------------
  Levels of Logic:              37.00
  Critical Path Length:          2.06
  Critical Path Slack:        1997.94
  Critical Path Clk Period:   2000.00
  Total Negative Slack:          0.00
  No. of Violating Paths:        0.00
  Worst Hold Violation:          0.00
  Total Hold Violation:          0.00
  No. of Hold Violations:        0.00
  -----------------------------------


  Cell Count
  -----------------------------------
  Hierarchical Cell Count:      18845
  Hierarchical Port Count:    6522138
  Leaf Cell Count:            3983486
  Buf/Inv Cell Count:          259120
  Buf Cell Count:               12927
  Inv Cell Count:              246193
  CT Buf/Inv Cell Count:            0
  Combinational Cell Count:   3067911
  Sequential Cell Count:       915575
  Macro Count:                      0
  -----------------------------------


  Area
  -----------------------------------
  Combinational Area:  2040386.012603
  Noncombinational Area:
                       1730437.240903
  Buf/Inv Area:          66927.294884
  Total Buffer Area:          4886.66
  Total Inverter Area:       62040.64
  Macro/Black Box Area:      0.000000
  Net Area:                  0.000000
  -----------------------------------
  Cell Area:           3770823.253506
  Design Area:         3770823.253506


  Design Rules
  -----------------------------------
  Total Number of Nets:       5571707
  Nets With Violations:             0
  Max Trans Violations:             0
  Max Cap Violations:               0
  -----------------------------------


  Hostname: ecelvd713.ece.local

  Compile CPU Statistics
  -----------------------------------------
  Resource Sharing:                  524.34
  Logic Optimization:              24409.08
  Mapping Optimization:            105977.31
  -----------------------------------------
  Overall Compile Time:            183114.28
  Overall Compile Wall Clock Time: 31419.20

  --------------------------------------------------------------------

  Design  WNS: 0.00  TNS: 0.00  Number of Violating Paths: 0


  Design (Hold)  WNS: 0.00  TNS: 0.00  Number of Violating Paths: 0

  --------------------------------------------------------------------


1
