 
****************************************
Report : qor
Design : BaselineMultiCgra4x4Cgra2x2RTL
Version: V-2023.12
Date   : Thu Jul  9 22:29:01 2026
****************************************


  Timing Path Group 'sys_clk'
  -----------------------------------
  Levels of Logic:              38.00
  Critical Path Length:          2.34
  Critical Path Slack:        1997.66
  Critical Path Clk Period:   2000.00
  Total Negative Slack:          0.00
  No. of Violating Paths:        0.00
  Worst Hold Violation:          0.00
  Total Hold Violation:          0.00
  No. of Hold Violations:        0.00
  -----------------------------------


  Cell Count
  -----------------------------------
  Hierarchical Cell Count:      16749
  Hierarchical Port Count:    5873962
  Leaf Cell Count:            3434764
  Buf/Inv Cell Count:          173151
  Buf Cell Count:                2572
  Inv Cell Count:              170579
  CT Buf/Inv Cell Count:            0
  Combinational Cell Count:   2624389
  Sequential Cell Count:       810375
  Macro Count:                      0
  -----------------------------------


  Area
  -----------------------------------
  Combinational Area:  1784933.489512
  Noncombinational Area:
                       1531609.242408
  Buf/Inv Area:          43958.124669
  Total Buffer Area:           972.22
  Total Inverter Area:       42985.91
  Macro/Black Box Area:      0.000000
  Net Area:                  0.000000
  -----------------------------------
  Cell Area:           3316542.731920
  Design Area:         3316542.731920


  Design Rules
  -----------------------------------
  Total Number of Nets:       4868523
  Nets With Violations:             0
  Max Trans Violations:             0
  Max Cap Violations:               0
  -----------------------------------


  Hostname: ecelvd713.ece.local

  Compile CPU Statistics
  -----------------------------------------
  Resource Sharing:                  360.09
  Logic Optimization:              18886.56
  Mapping Optimization:            95126.12
  -----------------------------------------
  Overall Compile Time:            159757.30
  Overall Compile Wall Clock Time: 26700.70

  --------------------------------------------------------------------

  Design  WNS: 0.00  TNS: 0.00  Number of Violating Paths: 0


  Design (Hold)  WNS: 0.00  TNS: 0.00  Number of Violating Paths: 0

  --------------------------------------------------------------------


1
